// Jest Snapshot v1, https://goo.gl/fbAQLP

exports[`renders correctly 1`] = `
<button
  className="chakra-button css-4xx2wk"
  type="button"
/>
`;
